Nov 15, 2016 12:04:29 PM pageObject.AbstractPage setUp
INFO: Navigate to URL
Nov 15, 2016 12:04:29 PM pageObject.AbstractPage setUp
INFO: Maximize browser
Nov 15, 2016 12:04:30 PM pageObject.Checkbox displayElements
INFO: Element Monday with index 0 is enabled
Nov 15, 2016 12:04:30 PM pageObject.Checkbox displayElements
INFO: Element Tuesday with index 1 is enabled
Nov 15, 2016 12:04:30 PM pageObject.Checkbox displayElements
INFO: Element Wednesday with index 2 is enabled
Nov 15, 2016 12:04:30 PM pageObject.Checkbox displayElements
INFO: Element Thursday with index 3 is enabled
Nov 15, 2016 12:04:30 PM pageObject.Checkbox displayElements
INFO: Element Friday with index 4 is enabled
Nov 15, 2016 12:04:30 PM pageObject.Checkbox displayElements
INFO: Element Saturday with index 5 is disabled
Nov 15, 2016 12:04:30 PM pageObject.Checkbox displayElements
INFO: Element Sunday with index 6 is disabled
Nov 15, 2016 12:04:30 PM pageObject.Checkbox selectElementWithIndex
INFO: There are 7 elements on this page
Nov 15, 2016 12:04:31 PM pageObject.Checkbox clickOnMonday
INFO: Checkbox Monday is enabled and SELECTED
Nov 15, 2016 12:04:31 PM pageObject.Radiobutton displayElements
INFO: Element blue with index 0 is enabled
Nov 15, 2016 12:04:31 PM pageObject.Radiobutton displayElements
INFO: Element red with index 1 is enabled
Nov 15, 2016 12:04:31 PM pageObject.Radiobutton displayElements
INFO: Element yellow with index 2 is disabled
Nov 15, 2016 12:04:31 PM pageObject.Radiobutton displayElements
INFO: Element green with index 3 is enabled
Nov 15, 2016 12:04:31 PM pageObject.Radiobutton displayElements
INFO: Element Baseball with index 0 is enabled
Nov 15, 2016 12:04:31 PM pageObject.Radiobutton displayElements
INFO: Element Basketball with index 1 is enabled
Nov 15, 2016 12:04:31 PM pageObject.Radiobutton displayElements
INFO: Element Football with index 2 is enabled
Nov 15, 2016 12:04:31 PM pageObject.Radiobutton displayElements
INFO: Element Hockey with index 3 is enabled
Nov 15, 2016 12:04:31 PM pageObject.Radiobutton displayElements
INFO: Element Soccer with index 4 is enabled
Nov 15, 2016 12:04:31 PM pageObject.Radiobutton displayElements
INFO: Element Water Polo with index 5 is enabled
Nov 15, 2016 12:04:31 PM pageObject.Radiobutton displaySelectedElements
INFO: Element blue with index 0 is not slected
Nov 15, 2016 12:04:31 PM pageObject.Radiobutton displaySelectedElements
INFO: Element red with index 1 is not slected
Nov 15, 2016 12:04:31 PM pageObject.Radiobutton displaySelectedElements
INFO: Element yellow with index 2 is not slected
Nov 15, 2016 12:04:31 PM pageObject.Radiobutton displaySelectedElements
INFO: Element green with index 3 is not slected
Nov 15, 2016 12:04:31 PM pageObject.Radiobutton displaySelectedElements
INFO: Element Baseball with index 0 is not selected
Nov 15, 2016 12:04:31 PM pageObject.Radiobutton displaySelectedElements
INFO: Element Basketball with index 1 is not selected
Nov 15, 2016 12:04:32 PM pageObject.Radiobutton displaySelectedElements
INFO: Element Football with index 2 is SELECTED
Nov 15, 2016 12:04:32 PM pageObject.Radiobutton displaySelectedElements
INFO: Element Hockey with index 3 is not selected
Nov 15, 2016 12:04:32 PM pageObject.Radiobutton displaySelectedElements
INFO: Element Soccer with index 4 is not selected
Nov 15, 2016 12:04:32 PM pageObject.Radiobutton displaySelectedElements
INFO: Element Water Polo with index 5 is not selected
Nov 15, 2016 12:04:34 PM pageObject.Basicbutton clickNormalButton
INFO: Click on normal button
Nov 15, 2016 12:04:34 PM pageObject.Basicbutton clickNormalButton
INFO: Accept the alert
Nov 15, 2016 12:04:36 PM pageObject.Listbox selectSports
INFO: Select Sports from drop-down list
Nov 15, 2016 12:04:36 PM pageObject.Listbox selectSports
INFO: Select Football
Nov 15, 2016 12:04:36 PM pageObject.Listbox selectSports
INFO: Select Polo
Nov 15, 2016 12:04:38 PM pageObject.Menubar hoverFileMenu
INFO: Hover File menu
Nov 15, 2016 12:04:39 PM pageObject.Menubar hoverFileMenu
INFO: Click Open
Nov 15, 2016 12:04:41 PM pageObject.Menubar hoverFileMenu
INFO: Accept alert
Nov 15, 2016 12:04:43 PM pageObject.AbstractPage tearDown
INFO: Close browser
